// Jest Snapshot v1, https://goo.gl/fbAQLP

exports[`home page match snapshot with all data 1`] = `
<DocumentFragment>
  <div
    class="container"
  >
    <form
      class="time-entry-wrapper"
      data-testid="time-entries-table"
    >
      <div
        class="section"
      >
        <div
          class="dropdown-wrapper"
        >
          <label
            class="dropdown-label"
          >
            Service
          </label>
          <div
            class="dropdown-container"
            data-testid="test-id-service"
          >
            <p />
          </div>
        </div>
        <div
          class="input-wrapper"
        >
          <label
            class="input-label"
            for="time"
          >
            Time
          </label>
          <input
            class="input-field"
            data-testid="test-id-time"
            id="time"
            name="time"
            type="number"
            value=""
          />
        </div>
      </div>
      <div
        class="text-wrapper"
      >
        <label
          class="text-label"
          for="note"
        >
          Note
        </label>
        <textarea
          class="text-field"
          data-testid="test-id-note"
          id="note"
          name="note"
        />
      </div>
      <button
        class="btn-wrapper btn-disabled"
        disabled=""
        type="submit"
      >
        Save
      </button>
    </form>
    <table
      class="table-wrapper"
    >
      <thead>
        <tr>
          <th>
            Actions
          </th>
          <th>
            Date
          </th>
          <th>
            Service
          </th>
          <th>
            Person
          </th>
          <th>
            Note
          </th>
          <th>
            Time
          </th>
        </tr>
      </thead>
      <tbody>
        <tr
          data-testid="row-delete-14541918"
        >
          <td>
            <button
              class="btn-wrapper"
              type="button"
            >
              delete
            </button>
          </td>
          <td>
            2022-05-21
          </td>
          <td>
            App design
          </td>
          <td>
            Marina  Savic
          </td>
          <td>
            <ul>
              <li>
                foo bar
              </li>
            </ul>
          </td>
          <td>
            100
          </td>
        </tr>
        <tr
          data-testid="row-delete-14541903"
        >
          <td>
            <button
              class="btn-wrapper"
              type="button"
            >
              delete
            </button>
          </td>
          <td>
            2022-05-21
          </td>
          <td>
            Design
          </td>
          <td>
            Marina  Savic
          </td>
          <td>
            <ul>
              <li>
                2
              </li>
            </ul>
          </td>
          <td>
            60
          </td>
        </tr>
      </tbody>
    </table>
  </div>
</DocumentFragment>
`;
