// Jest Snapshot v1, https://goo.gl/fbAQLP

exports[`EntriesTable should render component and match snapshot when no time entries 1`] = `
<DocumentFragment>
  <p
    class="empty-message"
  >
    There is no tracked time for today
  </p>
</DocumentFragment>
`;

exports[`EntriesTable should render component and match snapshot when time entries are present 1`] = `
<DocumentFragment>
  <table
    class="table-wrapper"
  >
    <thead>
      <tr>
        <th>
          Actions
        </th>
        <th>
          Date
        </th>
        <th>
          Service
        </th>
        <th>
          Person
        </th>
        <th>
          Note
        </th>
        <th>
          Time
        </th>
      </tr>
    </thead>
    <tbody>
      <tr
        data-testid="row-delete-14541918"
      >
        <td>
          <button
            class="btn-wrapper"
            type="button"
          >
            delete
          </button>
        </td>
        <td>
          2022-05-21
        </td>
        <td>
          App design
        </td>
        <td>
          Marina  Savic
        </td>
        <td>
          <ul>
            <li>
              foo bar
            </li>
          </ul>
        </td>
        <td>
          100
        </td>
      </tr>
      <tr
        data-testid="row-delete-14541903"
      >
        <td>
          <button
            class="btn-wrapper"
            type="button"
          >
            delete
          </button>
        </td>
        <td>
          2022-05-21
        </td>
        <td>
          Design
        </td>
        <td>
          Marina  Savic
        </td>
        <td>
          <ul>
            <li>
              2
            </li>
          </ul>
        </td>
        <td>
          60
        </td>
      </tr>
    </tbody>
  </table>
</DocumentFragment>
`;
